---
source: src/graphql_parser/tests/mod.rs
expression: "print_graphql(parse_type_system_document(\"\n                interface MyI {\n                    foo: String!\n                    bar: [Int!]!\n                }\n                \\\"Gaooo ü¶Å\\\" interface _Lion implements MyI {\n                    foobar: [[[Int]]]\n                }\n                interface aiu implements MyI & _Lion @wow\n\n                extend interface MyI {\n                    hey: Hey!\n                }\n                extend interface _Lion implements MyI2 @abc\n                extend interface aiu @heyhey\n                \").unwrap())"
---
interface MyI {
  foo: String!
  bar: [Int!]!
}

"Gaooo ü¶Å"
interface _Lion implements & MyI {
  foobar: [[[Int]]]
}

interface aiu implements & MyI & _Lion @wow

extend interface MyI {
  hey: Hey!
}

extend interface _Lion implements & MyI2 @abc

extend interface aiu @heyhey


