---
source: src/extension_resolver/tests/mod.rs
expression: resolved.to_string()
---
schema is extended, but there is no original declaration of schema
