---
source: extension-resolver/src/tests/mod.rs
expression: resolved.message.to_string()
---
schema is extended, but there is no original declaration of schema
