---
source: json-printer/src/tests/mod.rs
expression: "print_json_to_string(Value::EnumValue(EnumValue {\n            position: POS,\n            value: \"A\",\n        }))"
---
{"kind":"EnumValue","value":"A"}
