---
source: json-printer/src/tests/mod.rs
expression: "print_json_to_string(Value::StringValue(StringValue {\n            position: POS,\n            value: String::from(\"\"),\n        }))"
---
{"kind":"StringValue","value":""}
