---
source: printer/src/json_printer/tests/mod.rs
expression: "print_json_to_string(Type::Named(NamedType {\n            name: Ident { position: POS, name: \"tyty\" },\n        }))"
---
{"kind":"NamedType","name":{"type":"Name","value":"tyty"}}
