---
source: src/checker/operation_checker/tests/mod.rs
expression: "check_operation_document(&schema, &doc)"
---
[
    CheckError {
        position: Pos {
            line: 3,
            column: 20,
            file: 0,
            builtin: false,
        },
        message: FragmentConditionNeverMatches {
            condition: "PostOrTag",
            scope: "User",
        },
        additional_info: [
            (
                Pos {
                    line: 43,
                    column: 12,
                    file: 0,
                    builtin: false,
                },
                DefinitionPos {
                    name: "PostOrTag",
                },
            ),
            (
                Pos {
                    line: 12,
                    column: 12,
                    file: 0,
                    builtin: false,
                },
                DefinitionPos {
                    name: "User",
                },
            ),
        ],
    },
]
