---
source: src/checker/operation_checker/tests/mod.rs
expression: "check_operation_document(&schema, &doc)"
---
[
    CheckError {
        position: Pos {
            line: 1,
            column: 18,
            file: 0,
            builtin: false,
        },
        message: DirectiveLocationNotAllowed {
            name: "dir_bool",
        },
        additional_info: [],
    },
]
