---
source: printer/src/json_printer/tests/mod.rs
expression: "print_json_to_string(Value::StringValue(StringValue {\n            position: POS,\n            value: String::from(\"foobar\"),\n        }))"
---
{"kind":"StringValue","value":"foobar"}
