---
source: crates/printer/src/json_printer/tests/mod.rs
expression: "print_json_to_string(Type::NonNull(Box::new(NonNullType {\n                r#type: Type::Named(NamedType {\n                        name: Ident { position: POS, name: \"tyty\" },\n                    }),\n            })))"
---
{"kind":"NonNullType","type":{"kind":"NamedType","name":{"kind":"Name","value":"tyty"}}}
