---
source: src/json_printer/tests/mod.rs
expression: "print_json_to_string(Field {\n        alias: None,\n        name: Ident { position: POS, name: \"field\" },\n        arguments: None,\n        directives: vec![Directive\n            {\n                position : POS, name : Ident\n                { name : \"dedede\", position : POS }, arguments : None\n            }, Directive\n            {\n                position : POS, name : Ident\n                { name : \"dedede2\", position : POS }, arguments :\n                Some(Arguments\n                {\n                    position : POS, arguments : vec!\n                    [(Ident { name : \"limit\", position : POS }, Value ::\n                    IntValue(IntValue { position : POS, value : \"10\" }))]\n                })\n            }],\n        selection_set: None,\n    })"
---
{"kind":"Field","name":{"type":"Name","value":"field"},"arguments":[],"directives":[{"kind":"Directive","name":{"type":"Name","value":"dedede"},"arguments":[]},{"kind":"Directive","name":{"type":"Name","value":"dedede2"},"arguments":[{"kind":"Argument","name":{"type":"Name","value":"limit"},"value":{"kind":"IntValue","value":"10"}}]}]}
